

================================================================
== Vitis HLS Report for 'execute'
================================================================
* Date:           Sat Nov 22 20:33:39 2025

* Version:        2025.1 (Build 6135595 on May 21 2025)
* Project:        LoadStoreMachine
* Solution:       hls (Vivado IP Flow Target)
* Product family: zynq
* Target device:  xc7z007s-clg225-2


================================================================
== Performance Estimates
================================================================
+ Timing: 
    * Summary: 
    +--------+----------+----------+------------+
    |  Clock |  Target  | Estimated| Uncertainty|
    +--------+----------+----------+------------+
    |ap_clk  |  10.00 ns|  5.542 ns|     2.70 ns|
    +--------+----------+----------+------------+

+ Latency: 
    * Summary: 
    +---------+---------+-----------+-----------+-----+-----+---------+
    |  Latency (cycles) |   Latency (absolute)  |  Interval | Pipeline|
    |   min   |   max   |    min    |    max    | min | max |   Type  |
    +---------+---------+-----------+-----------+-----+-----+---------+
    |        3|        4|  30.000 ns|  40.000 ns|    4|    5|       no|
    +---------+---------+-----------+-----------+-----+-----+---------+

    + Detail: 
        * Instance: 
        N/A

        * Loop: 
        N/A



================================================================
== Utilization Estimates
================================================================
* Summary: 
+-----------------+---------+----+-------+-------+-----+
|       Name      | BRAM_18K| DSP|   FF  |  LUT  | URAM|
+-----------------+---------+----+-------+-------+-----+
|DSP              |        -|   -|      -|      -|    -|
|Expression       |        -|   -|      0|    175|    -|
|FIFO             |        -|   -|      -|      -|    -|
|Instance         |        -|   -|      -|      -|    -|
|Memory           |        4|   -|      0|      0|    0|
|Multiplexer      |        -|   -|      0|    131|    -|
|Register         |        -|   -|     63|      -|    -|
+-----------------+---------+----+-------+-------+-----+
|Total            |        4|   0|     63|    306|    0|
+-----------------+---------+----+-------+-------+-----+
|Available        |      100|  66|  28800|  14400|    0|
+-----------------+---------+----+-------+-------+-----+
|Utilization (%)  |        4|   0|     ~0|      2|    0|
+-----------------+---------+----+-------+-------+-----+

+ Detail: 
    * Instance: 
    N/A

    * DSP: 
    N/A

    * Memory: 
    +-------------------------+-------------------------------------+---------+---+----+-----+------+-----+------+-------------+
    |          Memory         |                Module               | BRAM_18K| FF| LUT| URAM| Words| Bits| Banks| W*Bits*Banks|
    +-------------------------+-------------------------------------+---------+---+----+-----+------+-----+------+-------------+
    |lsm_instance_mem_U       |lsm_instance_mem_RAM_AUTO_1R1W       |        2|  0|   0|    0|  1024|   32|     1|        32768|
    |lsm_instance_reg_file_U  |lsm_instance_reg_file_RAM_AUTO_1R1W  |        2|  0|   0|    0|    32|   32|     1|         1024|
    +-------------------------+-------------------------------------+---------+---+----+-----+------+-----+------+-------------+
    |Total                    |                                     |        4|  0|   0|    0|  1056|   64|     2|        33792|
    +-------------------------+-------------------------------------+---------+---+----+-----+------+-----+------+-------------+

    * FIFO: 
    N/A

    * Expression: 
    +-----------------------+----------+----+---+----+------------+------------+
    |     Variable Name     | Operation| DSP| FF| LUT| Bitwidth P0| Bitwidth P1|
    +-----------------------+----------+----+---+----+------------+------------+
    |result_fu_252_p2       |         +|   0|  0|  32|          32|          32|
    |result_1_fu_246_p2     |         -|   0|  0|  32|          32|          32|
    |result_2_fu_240_p2     |       and|   0|  0|  32|          32|          32|
    |grp_fu_189_p2          |      icmp|   0|  0|   7|           5|           1|
    |icmp_ln12_2_fu_276_p2  |      icmp|   0|  0|   7|           5|           1|
    |result_4_fu_224_p2     |      icmp|   0|  0|  32|          32|          32|
    |ap_condition_174       |        or|   0|  0|   1|           1|           1|
    |result_3_fu_234_p2     |        or|   0|  0|  32|          32|          32|
    +-----------------------+----------+----+---+----+------------+------------+
    |Total                  |          |   0|  0| 175|         171|         163|
    +-----------------------+----------+----+---+----+------------+------------+

    * Multiplexer: 
    +-----------------------------------------+----+-----------+-----+-----------+
    |                   Name                  | LUT| Input Size| Bits| Total Bits|
    +-----------------------------------------+----+-----------+-----+-----------+
    |ap_NS_fsm                                |  29|          7|    1|          7|
    |ap_phi_mux_retval_0_0_0_0_phi_fu_178_p6  |  13|          3|   32|         96|
    |lsm_instance_mem_address0_local          |  17|          4|   10|         40|
    |lsm_instance_reg_file_address0_local     |  17|          4|    5|         20|
    |lsm_instance_reg_file_address1_local     |  21|          5|    5|         25|
    |lsm_instance_reg_file_d1_local           |  13|          3|   32|         96|
    |result_6_reg_159                         |  21|          5|   32|        160|
    +-----------------------------------------+----+-----------+-----+-----------+
    |Total                                    | 131|         31|  117|        444|
    +-----------------------------------------+----+-----------+-----+-----------+

    * Register: 
    +--------------------------------------+----+----+-----+-----------+
    |                 Name                 | FF | LUT| Bits| Const Bits|
    +--------------------------------------+----+----+-----+-----------+
    |ap_CS_fsm                             |   6|   0|    6|          0|
    |icmp_ln12_1_reg_366                   |   1|   0|    1|          0|
    |lsm_instance_reg_file_addr_1_reg_318  |   5|   0|    5|          0|
    |lsm_instance_reg_file_addr_reg_312    |   5|   0|    5|          0|
    |opcode_read_reg_331                   |   4|   0|    4|          0|
    |ra_addr_read_reg_307                  |   5|   0|    5|          0|
    |rc_addr_read_reg_324                  |   5|   0|    5|          0|
    |result_6_reg_159                      |  32|   0|   32|          0|
    +--------------------------------------+----+----+-----+-----------+
    |Total                                 |  63|   0|   63|          0|
    +--------------------------------------+----+----+-----+-----------+



================================================================
== Interface
================================================================
* Summary: 
+-----------+-----+-----+------------+--------------+--------------+
| RTL Ports | Dir | Bits|  Protocol  | Source Object|    C Type    |
+-----------+-----+-----+------------+--------------+--------------+
|ap_clk     |   in|    1|  ap_ctrl_hs|       execute|  return value|
|ap_rst     |   in|    1|  ap_ctrl_hs|       execute|  return value|
|ap_start   |   in|    1|  ap_ctrl_hs|       execute|  return value|
|ap_done    |  out|    1|  ap_ctrl_hs|       execute|  return value|
|ap_idle    |  out|    1|  ap_ctrl_hs|       execute|  return value|
|ap_ready   |  out|    1|  ap_ctrl_hs|       execute|  return value|
|ap_return  |  out|   32|  ap_ctrl_hs|       execute|  return value|
|opcode     |   in|    4|     ap_none|        opcode|        scalar|
|ra_addr    |   in|    5|     ap_none|       ra_addr|        scalar|
|rb_addr    |   in|    5|     ap_none|       rb_addr|        scalar|
|rc_addr    |   in|    5|     ap_none|       rc_addr|        scalar|
|imd_data   |   in|   32|     ap_none|      imd_data|        scalar|
+-----------+-----+-----+------------+--------------+--------------+

