#-----------------------------------------------------------
# xsim v2025.1 (64-bit)
# SW Build 6140274 on Thu May 22 00:12:29 MDT 2025
# IP Build 6138677 on Thu May 22 03:10:11 MDT 2025
# SharedData Build 6139179 on Tue May 20 17:58:58 MDT 2025
# Start of session at: Sat Nov 22 20:35:47 2025
# Process ID         : 4344
# Current directory  : C:/Projects/Xilinx/LoadStore/LoadStoreMachine/LoadStoreMachine/hls/sim/vhdl
# Command line       : xsim.exe -mode tcl -source {xsim.dir/execute/xsim_script.tcl}
# Log file           : C:/Projects/Xilinx/LoadStore/LoadStoreMachine/LoadStoreMachine/hls/sim/vhdl/xsim.log
# Journal file       : C:/Projects/Xilinx/LoadStore/LoadStoreMachine/LoadStoreMachine/hls/sim/vhdl\xsim.jou
# Running On         : sbeleaga-mobl1
# Platform           : Windows Server 2016 or Windows 10
# Operating System   : 22631
# Processor Detail   : 12th Gen Intel(R) Core(TM) i7-1270P
# CPU Frequency      : 2496 MHz
# CPU Physical cores : 12
# CPU Logical cores  : 16
# Host memory        : 34010 MB
# Swap memory        : 22548 MB
# Total Virtual      : 56559 MB
# Available Virtual  : 16610 MB
#-----------------------------------------------------------
source xsim.dir/execute/xsim_script.tcl
source execute.tcl
